<html>
<body>
<pre>
<h1>µVision Build Log</h1>
<h2>Tool Versions:</h2>
IDE-Version: ¦ÌVision V5.28.0.0
Copyright (C) 2019 ARM Ltd and ARM Germany GmbH. All rights reserved.
License Information: i iMZC, com, LIC=65ISZ-JJR71-HLYCL-0JEEA-4LU2P-6FCZJ
 
Tool Versions:
Toolchain:       MDK-ARM Plus  Version: 5.28.0.0
Toolchain Path:  D:\develop\MCU\Keil_v5\ARM\ARMCC\Bin
C Compiler:      Armcc.exe V5.06 update 6 (build 750)
Assembler:       Armasm.exe V5.06 update 6 (build 750)
Linker/Locator:  ArmLink.exe V5.06 update 6 (build 750)
Library Manager: ArmAr.exe V5.06 update 6 (build 750)
Hex Converter:   FromElf.exe V5.06 update 6 (build 750)
CPU DLL:         SARMCM3.DLL V5.28.0.0
Dialog DLL:      DCM.DLL V1.17.3.0
Target DLL:      STLink\ST-LINKIII-KEIL_SWO.dll V3.0.6.0
Dialog DLL:      TCM.DLL V1.36.2.0
 
<h2>Project:</h2>
C:\Users\iMZC\Desktop\intelligent-clooud-home\project\intelligent-clooud-home.uvprojx
Project File Date:  08/20/2024

<h2>Output:</h2>
*** Using Compiler 'V5.06 update 6 (build 750)', folder: 'D:\develop\MCU\Keil_v5\ARM\ARMCC\Bin'
Build target 'Target 1'
compiling main.c...
..\user\inc\led.h(20): warning:  #1-D: last line of file ends without a newline
  #endif
..\user\inc\motor.h(6): warning:  #1-D: last line of file ends without a newline
  #endif
..\user\inc\usart1.h(14): warning:  #1-D: last line of file ends without a newline
  #endif
..\user\inc\SysTick.h(12): warning:  #1-D: last line of file ends without a newline
  #endif
..\user\inc\DHT11.h(18): warning:  #1-D: last line of file ends without a newline
  #endif
..\user\inc\RGBLED.h(28): warning:  #1-D: last line of file ends without a newline
  #endif
..\user\src\main.c(11): warning:  #177-D: variable "temperature"  was declared but never referenced
  	uint8_t temperature = 0; 
..\user\src\main.c(12): warning:  #177-D: variable "humidity"  was declared but never referenced
  	uint8_t humidity = 0; 
..\user\src\main.c: 8 warnings, 0 errors
linking...
Program Size: Code=2128 RO-data=268 RW-data=20 ZI-data=1028  
".\Objects\home_demo.axf" - 0 Error(s), 8 Warning(s).

<h2>Software Packages used:</h2>

Package Vendor: ARM
                http://www.keil.com/pack/ARM.CMSIS.5.5.1.pack
                ARM.CMSIS.5.5.1
                CMSIS (Cortex Microcontroller Software Interface Standard)
   * Component: CORE Version: 5.2.0

Package Vendor: Keil
                http://www.keil.com/pack/Keil.STM32F1xx_DFP.1.1.0.pack
                Keil.STM32F1xx_DFP.1.1.0
                STMicroelectronics STM32F1 Series Device Support, Drivers and Examples

<h2>Collection of Component include folders:</h2>
  .\RTE\_Target_1
  D:\develop\MCU\Keil_v5\ARM\PACKS\ARM\CMSIS\5.5.1\CMSIS\Core\Include
  D:\develop\MCU\Keil_v5\ARM\PACKS\Keil\STM32F1xx_DFP\1.1.0\Device\Include

<h2>Collection of Component Files used:</h2>

   * Component: ARM::CMSIS:CORE:5.2.0
Build Time Elapsed:  00:00:01
</pre>
</body>
</html>
